﻿
> vite_react_shadcn_ts@0.0.0 build
> vite build

[36mvite v5.4.21 [32mbuilding for production...[36m[39m
transforming...
[32mÔ£ô[39m 4143 modules transformed.
node.exe : [31mx[39m 
Build failed in 44.86s
En línea: 1 Carácter: 1
+ & "C:\Program 
Files\nodejs/node.exe" 
"C:\Program 
Files\nodejs/node_mo 
...
+ ~~~~~~~~~~~~~~~~~~~~~
~~~~~~~~~~~~~~~~~~~~~~~
~~~~~~~~~~~~~~~~~~~~~~~
~~
    + CategoryInfo     
         : NotSpecifi  
  ed: ([31mx[39m B   
 uild failed in 44.    
86s:String) [], Re    
moteException
    + FullyQualifiedEr 
   rorId : NativeComm  
  andError
 
[31merror during 
build:
[31m[vite-plugin-pwa:b
uild] There was an 
error during the build:
  src/pages/MyEnrollmen
tsPage.tsx (29:2): 
"useUpcomingSessions" 
is not exported by "src
/hooks/useAthleteSessio
nBookings.ts", 
imported by "src/pages/
MyEnrollmentsPage.tsx".
Additionally, handling 
the error in the 
'buildEnd' hook caused 
the following error:
  src/pages/MyEnrollmen
tsPage.tsx (29:2): 
"useUpcomingSessions" 
is not exported by "src
/hooks/useAthleteSessio
nBookings.ts", 
imported by "src/pages/
MyEnrollmentsPage.tsx".
[31m
file: [36mC:/Users/Equ
ipo/.gemini/antigravity
/scratch/sportmaps-demo
/frontend/src/pages/MyE
nrollmentsPage.tsx:29:2
[31m
[33m
27: import {
28:   
useAvailableSessions,
29:   
useUpcomingSessions,
      ^
30:   useMyBookings,
31:   
useMySecondaryBookings,
[31m
    at getRollupError (
file:///C:/Users/Equipo
/.gemini/antigravity/sc
ratch/sportmaps-demo/fr
ontend/node_modules/rol
lup/dist/es/shared/pars
eAst.js:401:41)
    at file:///C:/Users
/Equipo/.gemini/antigra
vity/scratch/sportmaps-
demo/frontend/node_modu
les/rollup/dist/es/shar
ed/node-entry.js:23467:
39
    at async catchUnfin
ishedHookActions (file:
///C:/Users/Equipo/.gem
ini/antigravity/scratch
/sportmaps-demo/fronten
d/node_modules/rollup/d
ist/es/shared/node-entr
y.js:22925:16)
    at async 
rollupInternal (file://
/C:/Users/Equipo/.gemin
i/antigravity/scratch/s
portmaps-demo/frontend/
node_modules/rollup/dis
t/es/shared/node-entry.
js:23450:5)
    at async build (fil
e:///C:/Users/Equipo/.g
emini/antigravity/scrat
ch/sportmaps-demo/front
end/node_modules/vite/d
ist/node/chunks/dep-BK3
b2jBa.js:65709:14)
    at async 
CAC.<anonymous> (file:/
//C:/Users/Equipo/.gemi
ni/antigravity/scratch/
sportmaps-demo/frontend
/node_modules/vite/dist
/node/cli.js:829:5)[39
m
